MPLINK 5.08, LINKER
Linker Map File - Created Tue Jun 10 17:41:17 2025

                                 Section Info
                  Section       Type    Address   Location Size(Bytes)
                ---------  ---------  ---------  ---------  ---------
                   .org_0       code   0x000000    program   0x000000
                   .org_1       code   0x000000    program   0x000004
                   .org_2       code   0x000008    program   0x000082
    .config_300000_LAB3.O    romdata   0x300000    program   0x000001
    .config_300001_LAB3.O    romdata   0x300001    program   0x000001
    .config_300002_LAB3.O    romdata   0x300002    program   0x000001
    .config_300003_LAB3.O    romdata   0x300003    program   0x000001
    .config_300005_LAB3.O    romdata   0x300005    program   0x000001
    .config_300006_LAB3.O    romdata   0x300006    program   0x000001
    .config_300008_LAB3.O    romdata   0x300008    program   0x000001
    .config_300009_LAB3.O    romdata   0x300009    program   0x000001
    .config_30000A_LAB3.O    romdata   0x30000a    program   0x000001
    .config_30000B_LAB3.O    romdata   0x30000b    program   0x000001
    .config_30000C_LAB3.O    romdata   0x30000c    program   0x000001
    .config_30000D_LAB3.O    romdata   0x30000d    program   0x000001



                              Program Memory Usage 
                               Start         End      
                           ---------   ---------      
                            0x000000    0x000003      
                            0x000008    0x000089      
                            0x300000    0x300003      
                            0x300005    0x300006      
                            0x300008    0x30000d      
            146 out of 33048 program addresses used, program memory utilization is 0%



                              Symbols - Sorted by Name
                     Name    Address   Location    Storage File                     
                ---------  ---------  ---------  --------- ---------                
                 Amarillo   0x000044    program     static C:\Users\ThinkPad\MPLABXProjects\Microcontroladores\Lab3.X\Lab3.asm
             AuxRetardo1s   0x000060    program     static C:\Users\ThinkPad\MPLABXProjects\Microcontroladores\Lab3.X\Lab3.asm
                     Azul   0x000032    program     static C:\Users\ThinkPad\MPLABXProjects\Microcontroladores\Lab3.X\Lab3.asm
                   Blanco   0x00004a    program     static C:\Users\ThinkPad\MPLABXProjects\Microcontroladores\Lab3.X\Lab3.asm
                     Cyan   0x000038    program     static C:\Users\ThinkPad\MPLABXProjects\Microcontroladores\Lab3.X\Lab3.asm
                      ISR   0x00007c    program     static C:\Users\ThinkPad\MPLABXProjects\Microcontroladores\Lab3.X\Lab3.asm
                   Inicio   0x00000c    program     static C:\Users\ThinkPad\MPLABXProjects\Microcontroladores\Lab3.X\Lab3.asm
                  Magenta   0x00002c    program     static C:\Users\ThinkPad\MPLABXProjects\Microcontroladores\Lab3.X\Lab3.asm
                     Menu   0x000026    program     static C:\Users\ThinkPad\MPLABXProjects\Microcontroladores\Lab3.X\Lab3.asm
                    Negro   0x000026    program     static C:\Users\ThinkPad\MPLABXProjects\Microcontroladores\Lab3.X\Lab3.asm
                Retardo1s   0x000054    program     static C:\Users\ThinkPad\MPLABXProjects\Microcontroladores\Lab3.X\Lab3.asm
                    Verde   0x00003e    program     static C:\Users\ThinkPad\MPLABXProjects\Microcontroladores\Lab3.X\Lab3.asm



                              Symbols - Sorted by Address
                     Name    Address   Location    Storage File                     
                ---------  ---------  ---------  --------- ---------                
                   Inicio   0x00000c    program     static C:\Users\ThinkPad\MPLABXProjects\Microcontroladores\Lab3.X\Lab3.asm
                     Menu   0x000026    program     static C:\Users\ThinkPad\MPLABXProjects\Microcontroladores\Lab3.X\Lab3.asm
                    Negro   0x000026    program     static C:\Users\ThinkPad\MPLABXProjects\Microcontroladores\Lab3.X\Lab3.asm
                  Magenta   0x00002c    program     static C:\Users\ThinkPad\MPLABXProjects\Microcontroladores\Lab3.X\Lab3.asm
                     Azul   0x000032    program     static C:\Users\ThinkPad\MPLABXProjects\Microcontroladores\Lab3.X\Lab3.asm
                     Cyan   0x000038    program     static C:\Users\ThinkPad\MPLABXProjects\Microcontroladores\Lab3.X\Lab3.asm
                    Verde   0x00003e    program     static C:\Users\ThinkPad\MPLABXProjects\Microcontroladores\Lab3.X\Lab3.asm
                 Amarillo   0x000044    program     static C:\Users\ThinkPad\MPLABXProjects\Microcontroladores\Lab3.X\Lab3.asm
                   Blanco   0x00004a    program     static C:\Users\ThinkPad\MPLABXProjects\Microcontroladores\Lab3.X\Lab3.asm
                Retardo1s   0x000054    program     static C:\Users\ThinkPad\MPLABXProjects\Microcontroladores\Lab3.X\Lab3.asm
             AuxRetardo1s   0x000060    program     static C:\Users\ThinkPad\MPLABXProjects\Microcontroladores\Lab3.X\Lab3.asm
                      ISR   0x00007c    program     static C:\Users\ThinkPad\MPLABXProjects\Microcontroladores\Lab3.X\Lab3.asm


