MPLINK 5.08, LINKER
Linker Map File - Created Mon May 26 18:15:12 2025

                                 Section Info
                  Section       Type    Address   Location Size(Bytes)
                ---------  ---------  ---------  ---------  ---------
                   .org_0       code   0x000000    program   0x000004
                   .cinit    romdata   0x000004    program   0x000002
                   .org_1       code   0x000008    program   0x000080
.config_300001_BUILD/DEFAULT/PRODUCTION/LAB2B.O    romdata   0x300001    program   0x000001
.config_300003_BUILD/DEFAULT/PRODUCTION/LAB2B.O    romdata   0x300003    program   0x000001
.config_300006_BUILD/DEFAULT/PRODUCTION/LAB2B.O    romdata   0x300006    program   0x000001



                              Program Memory Usage 
                               Start         End      
                           ---------   ---------      
                            0x000000    0x000005      
                            0x000008    0x000087      
                            0x300001    0x300001      
                            0x300003    0x300003      
                            0x300006    0x300006      
            137 out of 33048 program addresses used, program memory utilization is 0%



                              Symbols - Sorted by Name
                     Name    Address   Location    Storage File                     
                ---------  ---------  ---------  --------- ---------                
                 Amarillo   0x000032    program     static C:\Users\ThinkPad\MPLABXProjects\Microcontroladores\Lab2B.X\Lab2B.asm
          AuxRetardoVerde   0x00005e    program     static C:\Users\ThinkPad\MPLABXProjects\Microcontroladores\Lab2B.X\Lab2B.asm
                      ISR   0x00007a    program     static C:\Users\ThinkPad\MPLABXProjects\Microcontroladores\Lab2B.X\Lab2B.asm
                   Inicio   0x00000c    program     static C:\Users\ThinkPad\MPLABXProjects\Microcontroladores\Lab2B.X\Lab2B.asm
                     Menu   0x00002a    program     static C:\Users\ThinkPad\MPLABXProjects\Microcontroladores\Lab2B.X\Lab2B.asm
             RetardoVerde   0x000052    program     static C:\Users\ThinkPad\MPLABXProjects\Microcontroladores\Lab2B.X\Lab2B.asm
                     Rojo   0x00003a    program     static C:\Users\ThinkPad\MPLABXProjects\Microcontroladores\Lab2B.X\Lab2B.asm
             RojoAmarillo   0x000046    program     static C:\Users\ThinkPad\MPLABXProjects\Microcontroladores\Lab2B.X\Lab2B.asm
                    Verde   0x00002a    program     static C:\Users\ThinkPad\MPLABXProjects\Microcontroladores\Lab2B.X\Lab2B.asm



                              Symbols - Sorted by Address
                     Name    Address   Location    Storage File                     
                ---------  ---------  ---------  --------- ---------                
                   Inicio   0x00000c    program     static C:\Users\ThinkPad\MPLABXProjects\Microcontroladores\Lab2B.X\Lab2B.asm
                     Menu   0x00002a    program     static C:\Users\ThinkPad\MPLABXProjects\Microcontroladores\Lab2B.X\Lab2B.asm
                    Verde   0x00002a    program     static C:\Users\ThinkPad\MPLABXProjects\Microcontroladores\Lab2B.X\Lab2B.asm
                 Amarillo   0x000032    program     static C:\Users\ThinkPad\MPLABXProjects\Microcontroladores\Lab2B.X\Lab2B.asm
                     Rojo   0x00003a    program     static C:\Users\ThinkPad\MPLABXProjects\Microcontroladores\Lab2B.X\Lab2B.asm
             RojoAmarillo   0x000046    program     static C:\Users\ThinkPad\MPLABXProjects\Microcontroladores\Lab2B.X\Lab2B.asm
             RetardoVerde   0x000052    program     static C:\Users\ThinkPad\MPLABXProjects\Microcontroladores\Lab2B.X\Lab2B.asm
          AuxRetardoVerde   0x00005e    program     static C:\Users\ThinkPad\MPLABXProjects\Microcontroladores\Lab2B.X\Lab2B.asm
                      ISR   0x00007a    program     static C:\Users\ThinkPad\MPLABXProjects\Microcontroladores\Lab2B.X\Lab2B.asm


