MPLINK 5.08, LINKER
Linker Map File - Created Thu May 15 14:44:19 2025

                                 Section Info
                  Section       Type    Address   Location Size(Bytes)
                ---------  ---------  ---------  ---------  ---------
                   .org_0       code   0x000000    program   0x000000
                   .org_1       code   0x000000    program   0x000004
                   .org_2       code   0x000008    program   0x000080
    .config_300000_LAB2.O    romdata   0x300000    program   0x000001
    .config_300001_LAB2.O    romdata   0x300001    program   0x000001
    .config_300002_LAB2.O    romdata   0x300002    program   0x000001
    .config_300003_LAB2.O    romdata   0x300003    program   0x000001
    .config_300005_LAB2.O    romdata   0x300005    program   0x000001
    .config_300006_LAB2.O    romdata   0x300006    program   0x000001
    .config_300008_LAB2.O    romdata   0x300008    program   0x000001
    .config_300009_LAB2.O    romdata   0x300009    program   0x000001
    .config_30000A_LAB2.O    romdata   0x30000a    program   0x000001
    .config_30000B_LAB2.O    romdata   0x30000b    program   0x000001
    .config_30000C_LAB2.O    romdata   0x30000c    program   0x000001
    .config_30000D_LAB2.O    romdata   0x30000d    program   0x000001



                              Program Memory Usage 
                               Start         End      
                           ---------   ---------      
                            0x000000    0x000003      
                            0x000008    0x000087      
                            0x300000    0x300003      
                            0x300005    0x300006      
                            0x300008    0x30000d      
            144 out of 33048 program addresses used, program memory utilization is 0%



                              Symbols - Sorted by Name
                     Name    Address   Location    Storage File                     
                ---------  ---------  ---------  --------- ---------                
                 Amarillo   0x000032    program     static C:\Users\ThinkPad\MPLABXProjects\Microcontroladores\Lab2.X\Lab2.asm
          AuxRetardoVerde   0x00005e    program     static C:\Users\ThinkPad\MPLABXProjects\Microcontroladores\Lab2.X\Lab2.asm
                      ISR   0x00007a    program     static C:\Users\ThinkPad\MPLABXProjects\Microcontroladores\Lab2.X\Lab2.asm
                   Inicio   0x00000c    program     static C:\Users\ThinkPad\MPLABXProjects\Microcontroladores\Lab2.X\Lab2.asm
                     Menu   0x00002a    program     static C:\Users\ThinkPad\MPLABXProjects\Microcontroladores\Lab2.X\Lab2.asm
             RetardoVerde   0x000052    program     static C:\Users\ThinkPad\MPLABXProjects\Microcontroladores\Lab2.X\Lab2.asm
                     Rojo   0x00003a    program     static C:\Users\ThinkPad\MPLABXProjects\Microcontroladores\Lab2.X\Lab2.asm
             RojoAmarillo   0x000046    program     static C:\Users\ThinkPad\MPLABXProjects\Microcontroladores\Lab2.X\Lab2.asm
                    Verde   0x00002a    program     static C:\Users\ThinkPad\MPLABXProjects\Microcontroladores\Lab2.X\Lab2.asm



                              Symbols - Sorted by Address
                     Name    Address   Location    Storage File                     
                ---------  ---------  ---------  --------- ---------                
                   Inicio   0x00000c    program     static C:\Users\ThinkPad\MPLABXProjects\Microcontroladores\Lab2.X\Lab2.asm
                     Menu   0x00002a    program     static C:\Users\ThinkPad\MPLABXProjects\Microcontroladores\Lab2.X\Lab2.asm
                    Verde   0x00002a    program     static C:\Users\ThinkPad\MPLABXProjects\Microcontroladores\Lab2.X\Lab2.asm
                 Amarillo   0x000032    program     static C:\Users\ThinkPad\MPLABXProjects\Microcontroladores\Lab2.X\Lab2.asm
                     Rojo   0x00003a    program     static C:\Users\ThinkPad\MPLABXProjects\Microcontroladores\Lab2.X\Lab2.asm
             RojoAmarillo   0x000046    program     static C:\Users\ThinkPad\MPLABXProjects\Microcontroladores\Lab2.X\Lab2.asm
             RetardoVerde   0x000052    program     static C:\Users\ThinkPad\MPLABXProjects\Microcontroladores\Lab2.X\Lab2.asm
          AuxRetardoVerde   0x00005e    program     static C:\Users\ThinkPad\MPLABXProjects\Microcontroladores\Lab2.X\Lab2.asm
                      ISR   0x00007a    program     static C:\Users\ThinkPad\MPLABXProjects\Microcontroladores\Lab2.X\Lab2.asm


