MPLINK 5.08, LINKER
Linker Map File - Created Thu Apr 24 14:15:13 2025

                                 Section Info
                  Section       Type    Address   Location Size(Bytes)
                ---------  ---------  ---------  ---------  ---------
                   .org_0       code   0x000000    program   0x00000a
   .config_300000_INTRO.O    romdata   0x300000    program   0x000001
   .config_300001_INTRO.O    romdata   0x300001    program   0x000001
   .config_300002_INTRO.O    romdata   0x300002    program   0x000001
   .config_300003_INTRO.O    romdata   0x300003    program   0x000001
   .config_300005_INTRO.O    romdata   0x300005    program   0x000001
   .config_300006_INTRO.O    romdata   0x300006    program   0x000001
   .config_300008_INTRO.O    romdata   0x300008    program   0x000001
   .config_300009_INTRO.O    romdata   0x300009    program   0x000001
   .config_30000A_INTRO.O    romdata   0x30000a    program   0x000001
   .config_30000B_INTRO.O    romdata   0x30000b    program   0x000001
   .config_30000C_INTRO.O    romdata   0x30000c    program   0x000001
   .config_30000D_INTRO.O    romdata   0x30000d    program   0x000001



                              Program Memory Usage 
                               Start         End      
                           ---------   ---------      
                            0x000000    0x000009      
                            0x300000    0x300003      
                            0x300005    0x300006      
                            0x300008    0x30000d      
            22 out of 33048 program addresses used, program memory utilization is 0%



                              Symbols - Sorted by Name
                     Name    Address   Location    Storage File                     
                ---------  ---------  ---------  --------- ---------                
                   Inicio   0x000000    program     static C:\Users\ThinkPad\MPLABXProjects\Intro.X\Intro.asm
                     Menu   0x000002    program     static C:\Users\ThinkPad\MPLABXProjects\Intro.X\Intro.asm



                              Symbols - Sorted by Address
                     Name    Address   Location    Storage File                     
                ---------  ---------  ---------  --------- ---------                
                   Inicio   0x000000    program     static C:\Users\ThinkPad\MPLABXProjects\Intro.X\Intro.asm
                     Menu   0x000002    program     static C:\Users\ThinkPad\MPLABXProjects\Intro.X\Intro.asm


