MPLINK 5.08, LINKER
Linker Map File - Created Thu Jul 10 15:15:50 2025

                                 Section Info
                  Section       Type    Address   Location Size(Bytes)
                ---------  ---------  ---------  ---------  ---------
                   .org_0       code   0x000000    program   0x000082
  .config_300000_LAB2B3.O    romdata   0x300000    program   0x000001
  .config_300001_LAB2B3.O    romdata   0x300001    program   0x000001
  .config_300002_LAB2B3.O    romdata   0x300002    program   0x000001
  .config_300003_LAB2B3.O    romdata   0x300003    program   0x000001
  .config_300005_LAB2B3.O    romdata   0x300005    program   0x000001
  .config_300006_LAB2B3.O    romdata   0x300006    program   0x000001
  .config_300008_LAB2B3.O    romdata   0x300008    program   0x000001
  .config_300009_LAB2B3.O    romdata   0x300009    program   0x000001
  .config_30000A_LAB2B3.O    romdata   0x30000a    program   0x000001
  .config_30000B_LAB2B3.O    romdata   0x30000b    program   0x000001
  .config_30000C_LAB2B3.O    romdata   0x30000c    program   0x000001
  .config_30000D_LAB2B3.O    romdata   0x30000d    program   0x000001



                              Program Memory Usage 
                               Start         End      
                           ---------   ---------      
                            0x000000    0x000081      
                            0x300000    0x300003      
                            0x300005    0x300006      
                            0x300008    0x30000d      
            142 out of 33048 program addresses used, program memory utilization is 0%



                              Symbols - Sorted by Name
                     Name    Address   Location    Storage File                     
                ---------  ---------  ---------  --------- ---------                
                 Amarillo   0x00003c    program     static C:\Users\Pc\Documents\TeoriaMicro\Microcontroladores\Lab2B3.X\Lab2B3.asm
               AuxRetardo   0x00007a    program     static C:\Users\Pc\Documents\TeoriaMicro\Microcontroladores\Lab2B3.X\Lab2B3.asm
                     Azul   0x000018    program     static C:\Users\Pc\Documents\TeoriaMicro\Microcontroladores\Lab2B3.X\Lab2B3.asm
                   Blanco   0x000048    program     static C:\Users\Pc\Documents\TeoriaMicro\Microcontroladores\Lab2B3.X\Lab2B3.asm
                     Cyan   0x000024    program     static C:\Users\Pc\Documents\TeoriaMicro\Microcontroladores\Lab2B3.X\Lab2B3.asm
                   Inicio   0x000000    program     static C:\Users\Pc\Documents\TeoriaMicro\Microcontroladores\Lab2B3.X\Lab2B3.asm
                  Magenta   0x000054    program     static C:\Users\Pc\Documents\TeoriaMicro\Microcontroladores\Lab2B3.X\Lab2B3.asm
                     Menu   0x000008    program     static C:\Users\Pc\Documents\TeoriaMicro\Microcontroladores\Lab2B3.X\Lab2B3.asm
                    Negro   0x00000c    program     static C:\Users\Pc\Documents\TeoriaMicro\Microcontroladores\Lab2B3.X\Lab2B3.asm
                    Pausa   0x000070    program     static C:\Users\Pc\Documents\TeoriaMicro\Microcontroladores\Lab2B3.X\Lab2B3.asm
                  Retardo   0x000078    program     static C:\Users\Pc\Documents\TeoriaMicro\Microcontroladores\Lab2B3.X\Lab2B3.asm
                     Rojo   0x000060    program     static C:\Users\Pc\Documents\TeoriaMicro\Microcontroladores\Lab2B3.X\Lab2B3.asm
                    Verde   0x000030    program     static C:\Users\Pc\Documents\TeoriaMicro\Microcontroladores\Lab2B3.X\Lab2B3.asm



                              Symbols - Sorted by Address
                     Name    Address   Location    Storage File                     
                ---------  ---------  ---------  --------- ---------                
                   Inicio   0x000000    program     static C:\Users\Pc\Documents\TeoriaMicro\Microcontroladores\Lab2B3.X\Lab2B3.asm
                     Menu   0x000008    program     static C:\Users\Pc\Documents\TeoriaMicro\Microcontroladores\Lab2B3.X\Lab2B3.asm
                    Negro   0x00000c    program     static C:\Users\Pc\Documents\TeoriaMicro\Microcontroladores\Lab2B3.X\Lab2B3.asm
                     Azul   0x000018    program     static C:\Users\Pc\Documents\TeoriaMicro\Microcontroladores\Lab2B3.X\Lab2B3.asm
                     Cyan   0x000024    program     static C:\Users\Pc\Documents\TeoriaMicro\Microcontroladores\Lab2B3.X\Lab2B3.asm
                    Verde   0x000030    program     static C:\Users\Pc\Documents\TeoriaMicro\Microcontroladores\Lab2B3.X\Lab2B3.asm
                 Amarillo   0x00003c    program     static C:\Users\Pc\Documents\TeoriaMicro\Microcontroladores\Lab2B3.X\Lab2B3.asm
                   Blanco   0x000048    program     static C:\Users\Pc\Documents\TeoriaMicro\Microcontroladores\Lab2B3.X\Lab2B3.asm
                  Magenta   0x000054    program     static C:\Users\Pc\Documents\TeoriaMicro\Microcontroladores\Lab2B3.X\Lab2B3.asm
                     Rojo   0x000060    program     static C:\Users\Pc\Documents\TeoriaMicro\Microcontroladores\Lab2B3.X\Lab2B3.asm
                    Pausa   0x000070    program     static C:\Users\Pc\Documents\TeoriaMicro\Microcontroladores\Lab2B3.X\Lab2B3.asm
                  Retardo   0x000078    program     static C:\Users\Pc\Documents\TeoriaMicro\Microcontroladores\Lab2B3.X\Lab2B3.asm
               AuxRetardo   0x00007a    program     static C:\Users\Pc\Documents\TeoriaMicro\Microcontroladores\Lab2B3.X\Lab2B3.asm


