Microchip MPLAB XC8 Compiler V2.50

Linker command line:

-W-3 \
  --edf=C:\Program Files\Microchip\xc8\v2.50\pic\dat\20240725155939_en.msgs \
  -cn -h+dist/default/production\Lab4C.X.production.sym \
  --cmf=dist/default/production\Lab4C.X.production.cmf -z -Q18F4550 \
  -oC:\Users\ThinkPad\AppData\Local\Temp\xcAs4fc.\driver_tmp_3.obj \
  -Mdist/default/production/Lab4C.X.production.map \
  --md=C:\Users\ThinkPad\AppData\Local\Temp\xcAs4fc.\driver_tmp_0.dat -E1 \
  -ver=XC8 Compiler -ACODE=00h-07FFFh -ACONST=00h-07FFFh \
  -ASMALLCONST=0800h-08FFhx120 -AMEDIUMCONST=0800h-07FFFh -ACOMRAM=01h-05Fh \
  -AABS1=00h-07FFh -ABIGRAM=01h-07FFh -ARAM=060h-0FFh,0100h-01FFhx7 \
  -ABANK0=060h-0FFh -ABANK1=0100h-01FFh -ABANK2=0200h-02FFh \
  -ABANK3=0300h-03FFh -ABANK4=0400h-04FFh -ABANK5=0500h-05FFh \
  -ABANK6=0600h-06FFh -ABANK7=0700h-07FFh -ASFR=0F60h-0FFFh \
  -ABIGSFR=0F60h-0FFFh -ACONFIG=0300000h-030000Dh -AIDLOC=0200000h-0200007h \
  -AEEDATA=0F00000h-0F000FFh -peeprom_data=EEDATA \
  -preset_vec=00h,intcode=8h,intcodelo,powerup,init -pramtop=0800h \
  -psmallconst=SMALLCONST -pmediumconst=MEDIUMCONST -pconst=CONST \
  -AFARRAM=00h-00h \
  -prdata=COMRAM,nvrram=COMRAM,nvbit=COMRAM,rbss=COMRAM,rbit=COMRAM \
  -pfarbss=FARRAM,fardata=FARRAM,nvFARRAM=FARRAM \
  -pintsave_regs=BIGRAM,bigbss=BIGRAM,bigdata=BIGRAM -pbss=RAM \
  -pidata=CODE,irdata=CODE,ibigdata=CODE,ifardata=CODE -prparam=COMRAM \
  C:\Users\ThinkPad\AppData\Local\Temp\xcAs4fc.\driver_tmp_9.obj \
  dist/default/production\Lab4C.X.production.obj 

Object code version is 3.11

Machine type is 18F4550



                Name                               Link     Load   Length Selector   Space Scale
C:\Users\ThinkPad\AppData\Local\Temp\xcAs4fc.\driver_tmp_9.obj
                idloc                            200000   200000        8        0       5
                config                           300000   300000        E        0       4
                init                                  E        E        4        4       0
                reset_vec                             0        0        4        0       0
dist/default/production\Lab4C.X.production.obj
                intcode                               8        8        6        4       0
                idloc                            200000   200000        8        0       5
                config                           300000   300000        E        0       4
                temp                                 17       17        1        1       1
                smallconst                          800      800        2      400       0
                intcode_body                        BBA      BBA       D2      401       0
                text11                              E58      E58       18      401       0
                text10                              EB0      EB0        E      401       0
                text9                               D28      D28       66      401       0
                text8                               D8E      D8E       46      401       0
                text7                               E86      E86       16      401       0
                text6                               E70      E70       16      401       0
                text5                               DD4      DD4       38      401       0
                text4                               E0C      E0C       28      401       0
                text3                               AD4      AD4       E6      401       0
                text2                               E9C      E9C       14      401       0
                text1                               C8C      C8C       9C      401       0
                text0                               802      802      2D2      401       0
                cstackCOMRAM                          1        1       13        1       1
                dataCOMRAM                           16       16        1        1       1
                bssCOMRAM                            14       14        2        1       1
                cinit                               E34      E34       24      401       0
                idataCOMRAM                         EBE      EBE        1      401       0

TOTAL           Name                               Link     Load   Length     Space
        CLASS   CODE           
                intcode                               8        8        6         0
                init                                  E        E        4         0
                reset_vec                             0        0        4         0
                intcode_body                        BBA      BBA       D2         0
                text11                              E58      E58       18         0
                text10                              EB0      EB0        E         0
                text9                               D28      D28       66         0
                text8                               D8E      D8E       46         0
                text7                               E86      E86       16         0
                text6                               E70      E70       16         0
                text5                               DD4      DD4       38         0
                text4                               E0C      E0C       28         0
                text3                               AD4      AD4       E6         0
                text2                               E9C      E9C       14         0
                text1                               C8C      C8C       9C         0
                text0                               802      802      2D2         0
                cinit                               E34      E34       24         0
                idataCOMRAM                         EBE      EBE        1         0

        CLASS   CONST          

        CLASS   SMALLCONST     
                smallconst                          800      800        2         0

        CLASS   MEDIUMCONST    

        CLASS   COMRAM         
                temp                                 17       17        1         1
                cstackCOMRAM                          1        1       13         1
                dataCOMRAM                           16       16        1         1
                bssCOMRAM                            14       14        2         1

        CLASS   ABS1           

        CLASS   BIGRAM         

        CLASS   RAM            

        CLASS   BANK0          

        CLASS   BANK1          

        CLASS   BANK2          

        CLASS   BANK3          

        CLASS   BANK4          

        CLASS   BANK5          

        CLASS   BANK6          

        CLASS   BANK7          

        CLASS   SFR            

        CLASS   BIGSFR         

        CLASS   CONFIG         
                config                           300000   300000        E         4

        CLASS   IDLOC          
                idloc                            200000   200000        8         5

        CLASS   EEDATA         

        CLASS   FARRAM         

        CLASS   HEAP           

        CLASS   STACK          



SEGMENTS        Name                           Load    Length   Top    Selector   Space  Class

                reset_vec                      000000  000004  000004         0       0  CODE    
                cstackCOMRAM                   000001  000017  000018         1       1  COMRAM  
                intcode                        000008  00000A  000012         4       0  CODE    
                smallconst                     000800  000002  000802       400       0  SMALLCON
                text0                          000802  0006BD  000EBF       401       0  CODE    


UNUSED ADDRESS RANGES

        Name                Unused          Largest block    Delta
        BANK0            000060-0000FF               A0
        BANK1            000100-0001FF              100
        BANK2            000200-0002FF              100
        BANK3            000300-0003FF              100
        BANK4            000400-0004FF              100
        BANK5            000500-0005FF              100
        BANK6            000600-0006FF              100
        BANK7            000700-0007FF              100
        BIGRAM           000018-0007FF              7E8
        BIGSFR           000F60-000FFF               A0
        CODE             000004-000007                4
                         000012-0007FF              7EE
                         000EBF-007FFF             7141
        COMRAM           000018-00005F               48
        CONST            000004-000007                4
                         000012-0007FF              7EE
                         000EBF-007FFF             7141
        EEDATA           F00000-F000FF              100
        MEDIUMCONST      000EBF-007FFF             7141
        RAM              000060-0007FF              100
        SFR              000F60-000FFF               A0
        SMALLCONST       000EBF-007FFF              100

                                  Symbol Table

ConfiguraLCD@a           cstackCOMRAM 000002
DireccionaLCD@a          cstackCOMRAM 000006
EnviaDato@a              cstackCOMRAM 000005
EscribeLCD_c@a           cstackCOMRAM 000006
EscribeLCD_n8@a          cstackCOMRAM 00000E
EscribeLCD_n8@b          cstackCOMRAM 00000A
EscribeLCD_n8@centena    cstackCOMRAM 00000B
EscribeLCD_n8@decena     cstackCOMRAM 00000C
EscribeLCD_n8@unidad     cstackCOMRAM 00000D
RetardoLCD@a             cstackCOMRAM 000003
_BorraLCD                text2        000E9C
_ConfiguraLCD            text11       000E58
_DireccionaLCD           text7        000E86
_EnviaDato               text8        000D8E
_EscribeLCD_c            text6        000E70
_EscribeLCD_n8           text3        000AD4
_GIE                     (abs)        007F97
_HabilitaLCD             text10       000EB0
_ISR                     intcode      000008
_InicializaLCD           text1        000C8C
_LATB                    (abs)        000F8A
_LATD                    (abs)        000F8C
_LATD0                   (abs)        007C60
_LATD1                   (abs)        007C61
_PORTB                   (abs)        000F81
_RB4                     (abs)        007C0C
_RB5                     (abs)        007C0D
_RB6                     (abs)        007C0E
_RB7                     (abs)        007C0F
_RBIE                    (abs)        007F93
_RBIF                    (abs)        007F90
_RBPU                    (abs)        007F8F
_RetardoLCD              text9        000D28
_TMR0                    (abs)        000FD6
_TMR0IF                  (abs)        007F92
_TRISB                   (abs)        000F93
_TRISD                   (abs)        000F95
_Tecla                   bssCOMRAM    000015
__HRAM                   (abs)        000000
__H__absolute__          __absolute__ 000000
__Habs1                  abs1         000000
__Hbank0                 bank0        000000
__Hbank1                 bank1        000000
__Hbank2                 bank2        000000
__Hbank3                 bank3        000000
__Hbank4                 bank4        000000
__Hbank5                 bank5        000000
__Hbank6                 bank6        000000
__Hbank7                 bank7        000000
__Hbigbss                bigbss       000000
__Hbigdata               bigdata      000000
__Hbigram                bigram       000000
__Hbigsfr                bigsfr       000000
__Hbss                   bss          000000
__HbssCOMRAM             bssCOMRAM    000000
__Hcinit                 cinit        000000
__Hclrtext               clrtext      000000
__Hcomram                comram       000000
__Hconfig                config       30000E
__Hconst                 const        000000
__HcstackCOMRAM          cstackCOMRAM 000000
__Hdata                  data         000000
__HdataCOMRAM            dataCOMRAM   000000
__Heeprom_data           eeprom_data  000000
__Hfarbss                farbss       000000
__Hfardata               fardata      000000
__Hheap                  heap         000000
__Hibigdata              ibigdata     000000
__Hidata                 idata        000000
__HidataCOMRAM           idataCOMRAM  000000
__Hidloc                 idloc        200008
__Hifardata              ifardata     000000
__Hinit                  init         000012
__Hintcode               intcode      00000E
__Hintcode_body          intcode_body 000000
__Hintcodelo             intcodelo    00000E
__Hintentry              intentry     000000
__Hintret                intret       000000
__Hintsave_regs          intsave_regs 000000
__Hirdata                irdata       000000
__Hmediumconst           mediumconst  000000
__HnvFARRAM              nvFARRAM     000000
__Hnvbit                 nvbit        000000
__Hnvrram                nvrram       000000
__Hparam                 rparam       000000
__Hpowerup               powerup      00000E
__Hram                   ram          000000
__Hramtop                ramtop       000800
__Hrbit                  rbit         000000
__Hrbss                  rbss         000000
__Hrdata                 rdata        000000
__Hreset_vec             reset_vec    000004
__Hrparam                rparam       000000
__Hsfr                   sfr          000000
__Hsivt_hi               sivt_hi      000000
__Hsivt_lo               sivt_lo      000000
__Hsmallconst            smallconst   000802
__Hspace_0               (abs)        000EBF
__Hspace_1               (abs)        000018
__Hspace_2               (abs)        000000
__Hspace_4               (abs)        60000E
__Hstack                 stack        000000
__Hstruct                struct       000000
__Htemp                  temp         000018
__Htext                  text         000000
__Htext0                 text0        000000
__Htext1                 text1        000000
__Htext10                text10       000000
__Htext11                text11       000000
__Htext2                 text2        000000
__Htext3                 text3        000000
__Htext4                 text4        000000
__Htext5                 text5        000000
__Htext6                 text6        000000
__Htext7                 text7        000000
__Htext8                 text8        000000
__Htext9                 text9        000000
__LRAM                   (abs)        000001
__L__absolute__          __absolute__ 000000
__Labs1                  abs1         000000
__Lbank0                 bank0        000000
__Lbank1                 bank1        000000
__Lbank2                 bank2        000000
__Lbank3                 bank3        000000
__Lbank4                 bank4        000000
__Lbank5                 bank5        000000
__Lbank6                 bank6        000000
__Lbank7                 bank7        000000
__Lbigbss                bigbss       000000
__Lbigdata               bigdata      000000
__Lbigram                bigram       000000
__Lbigsfr                bigsfr       000000
__Lbss                   bss          000000
__LbssCOMRAM             bssCOMRAM    000000
__Lcinit                 cinit        000000
__Lclrtext               clrtext      000000
__Lcomram                comram       000000
__Lconfig                config       000000
__Lconst                 const        000000
__LcstackCOMRAM          cstackCOMRAM 000000
__Ldata                  data         000000
__LdataCOMRAM            dataCOMRAM   000000
__Leeprom_data           eeprom_data  000000
__Lfarbss                farbss       000000
__Lfardata               fardata      000000
__Lheap                  heap         000000
__Libigdata              ibigdata     000000
__Lidata                 idata        000000
__LidataCOMRAM           idataCOMRAM  000000
__Lidloc                 idloc        000000
__Lifardata              ifardata     000000
__Linit                  init         00000E
__Lintcode               intcode      000008
__Lintcode_body          intcode_body 000000
__Lintcodelo             intcodelo    00000E
__Lintentry              intentry     000000
__Lintret                intret       000000
__Lintsave_regs          intsave_regs 000000
__Lirdata                irdata       000000
__Lmediumconst           mediumconst  000000
__LnvFARRAM              nvFARRAM     000000
__Lnvbit                 nvbit        000000
__Lnvrram                nvrram       000000
__Lparam                 rparam       000000
__Lpowerup               powerup      00000E
__Lram                   ram          000000
__Lramtop                ramtop       000800
__Lrbit                  rbit         000000
__Lrbss                  rbss         000000
__Lrdata                 rdata        000000
__Lreset_vec             reset_vec    000000
__Lrparam                rparam       000000
__Lsfr                   sfr          000000
__Lsivt_hi               sivt_hi      000000
__Lsivt_lo               sivt_lo      000000
__Lsmallconst            smallconst   000800
__Lspace_0               (abs)        000000
__Lspace_1               (abs)        000000
__Lspace_2               (abs)        000000
__Lspace_4               (abs)        000000
__Lstack                 stack        000000
__Lstruct                struct       000000
__Ltemp                  temp         000017
__Ltext                  text         000000
__Ltext0                 text0        000000
__Ltext1                 text1        000000
__Ltext10                text10       000000
__Ltext11                text11       000000
__Ltext2                 text2        000000
__Ltext3                 text3        000000
__Ltext4                 text4        000000
__Ltext5                 text5        000000
__Ltext6                 text6        000000
__Ltext7                 text7        000000
__Ltext8                 text8        000000
__Ltext9                 text9        000000
__S0                     (abs)        000EBF
__S1                     (abs)        000018
__S4                     (abs)        000000
__S5                     (abs)        000000
___heap_hi               (abs)        000000
___heap_lo               (abs)        000000
___inthi_sp              stack        000000
___inthi_stack_hi        stack        000000
___inthi_stack_lo        stack        000000
___intlo_sp              stack        000000
___intlo_stack_hi        stack        000000
___intlo_stack_lo        stack        000000
___lbdiv                 text5        000DD4
___lbdiv@counter         cstackCOMRAM 000008
___lbdiv@dividend        cstackCOMRAM 000007
___lbdiv@divisor         cstackCOMRAM 000006
___lbdiv@quotient        cstackCOMRAM 000009
___lbmod                 text4        000E0C
___lbmod@counter         cstackCOMRAM 000004
___lbmod@dividend        cstackCOMRAM 000003
___lbmod@divisor         cstackCOMRAM 000002
___lbmod@rem             cstackCOMRAM 000005
___param_bank            (abs)        000000
___rparam_used           (abs)        000001
___sp                    stack        000000
___stack_hi              stack        000000
___stack_lo              stack        000000
__accesstop              (abs)        000060
__activetblptr           (abs)        000002
__end_of_BorraLCD        text2        000EB0
__end_of_ConfiguraLCD    text11       000E70
__end_of_DireccionaLCD   text7        000E9C
__end_of_EnviaDato       text8        000DD4
__end_of_EscribeLCD_c    text6        000E86
__end_of_EscribeLCD_n8   text3        000BBA
__end_of_HabilitaLCD     text10       000EBE
__end_of_ISR             intcode_body 000C8C
__end_of_InicializaLCD   text1        000D28
__end_of_RetardoLCD      text9        000D8E
__end_of___lbdiv         text5        000E0C
__end_of___lbmod         text4        000E34
__end_of__initialization cinit        000E4A
__end_of_main            text0        000AD4
__initialization         cinit        000E34
__mediumconst            mediumconst  000000
__pbssCOMRAM             bssCOMRAM    000014
__pcinit                 cinit        000E34
__pcstackCOMRAM          cstackCOMRAM 000001
__pdataCOMRAM            dataCOMRAM   000016
__pidataCOMRAM           idataCOMRAM  000EBE
__pintcode               intcode      000008
__pintcode_body          intcode_body 000BBA
__psmallconst            smallconst   000800
__ptext0                 text0        000802
__ptext1                 text1        000C8C
__ptext10                text10       000EB0
__ptext11                text11       000E58
__ptext2                 text2        000E9C
__ptext3                 text3        000AD4
__ptext4                 text4        000E0C
__ptext5                 text5        000DD4
__ptext6                 text6        000E70
__ptext7                 text7        000E86
__ptext8                 text8        000D8E
__ptext9                 text9        000D28
__ramtop                 ramtop       000800
__smallconst             smallconst   000800
_interfaz                dataCOMRAM   000016
_main                    text0        000802
_main$118                cstackCOMRAM 000011
_piezasAContar           bssCOMRAM    000014
btemp                    temp         000017
end_of_initialization    cinit        000E4A
int$flags                temp         000017
int_func                 intcode_body 000BBA
intlevel0                text         000000
intlevel1                text         000000
intlevel2                text         000000
intlevel3                text         000000
isa$std                  (abs)        000001
isa$xinst                (abs)        000000
main@numero              cstackCOMRAM 000013
stackhi                  (abs)        000000
stacklo                  (abs)        000000
start                    init         00000E
start_initialization     cinit        000E34
ttemp5                   temp         000018
ttemp6                   temp         00001B
ttemp7                   temp         00001F
wtemp8                   temp         000018


MODULE INFORMATION

Module		Function		Class		Link	Load	Size
C:\Program Files\Microchip\xc8\v2.50\pic\sources\c90\common\lbdiv.c
		___lbdiv       		CODE           	0DD4	0000	56

C:\Program Files\Microchip\xc8\v2.50\pic\sources\c90\common\lbdiv.c estimated size: 56

LibLCDXC8.h
		_DireccionaLCD 		CODE           	0E86	0000	22
		_InicializaLCD 		CODE           	0C8C	0000	156
		_EnviaDato     		CODE           	0D8E	0000	70
		_EscribeLCD_c  		CODE           	0E70	0000	22
		_HabilitaLCD   		CODE           	0EB0	0000	14
		_EscribeLCD_n8 		CODE           	0AD4	0000	230
		_ConfiguraLCD  		CODE           	0E58	0000	24
		_BorraLCD      		CODE           	0E9C	0000	20
		_RetardoLCD    		CODE           	0D28	0000	102

LibLCDXC8.h estimated size: 660

shared
		__initialization		CODE           	0E34	0000	22

shared estimated size: 22

C:\Program Files\Microchip\xc8\v2.50\pic\sources\c90\common\lbmod.c
		___lbmod       		CODE           	0E0C	0000	40

C:\Program Files\Microchip\xc8\v2.50\pic\sources\c90\common\lbmod.c estimated size: 40

Lab4C.c
		_ISR           		CODE           	0008	0000	216
		_main          		CODE           	0802	0000	722

Lab4C.c estimated size: 938

