MPLINK 5.08, LINKER
Linker Map File - Created Thu May 08 15:14:16 2025

                                 Section Info
                  Section       Type    Address   Location Size(Bytes)
                ---------  ---------  ---------  ---------  ---------
                   .org_0       code   0x000000    program   0x000000
                   .org_1       code   0x000000    program   0x000004
                   .org_2       code   0x000008    program   0x000062
 .config_300000_LAB2SIM.O    romdata   0x300000    program   0x000001
 .config_300001_LAB2SIM.O    romdata   0x300001    program   0x000001
 .config_300002_LAB2SIM.O    romdata   0x300002    program   0x000001
 .config_300003_LAB2SIM.O    romdata   0x300003    program   0x000001
 .config_300005_LAB2SIM.O    romdata   0x300005    program   0x000001
 .config_300006_LAB2SIM.O    romdata   0x300006    program   0x000001
 .config_300008_LAB2SIM.O    romdata   0x300008    program   0x000001
 .config_300009_LAB2SIM.O    romdata   0x300009    program   0x000001
 .config_30000A_LAB2SIM.O    romdata   0x30000a    program   0x000001
 .config_30000B_LAB2SIM.O    romdata   0x30000b    program   0x000001
 .config_30000C_LAB2SIM.O    romdata   0x30000c    program   0x000001
 .config_30000D_LAB2SIM.O    romdata   0x30000d    program   0x000001



                              Program Memory Usage 
                               Start         End      
                           ---------   ---------      
                            0x000000    0x000003      
                            0x000008    0x000069      
                            0x300000    0x300003      
                            0x300005    0x300006      
                            0x300008    0x30000d      
            114 out of 33048 program addresses used, program memory utilization is 0%



                              Symbols - Sorted by Name
                     Name    Address   Location    Storage File                     
                ---------  ---------  ---------  --------- ---------                
                 Amarillo   0x00004e    program     static C:\Users\ThinkPad\MPLABXProjects\Microcontroladores\Lab2SIM.X\Lab2SiM.asm
          AuxRetardoVerde   0x00002c    program     static C:\Users\ThinkPad\MPLABXProjects\Microcontroladores\Lab2SIM.X\Lab2SiM.asm
                      ISR   0x000048    program     static C:\Users\ThinkPad\MPLABXProjects\Microcontroladores\Lab2SIM.X\Lab2SiM.asm
                   Inicio   0x00000c    program     static C:\Users\ThinkPad\MPLABXProjects\Microcontroladores\Lab2SIM.X\Lab2SiM.asm
                     Menu   0x000018    program     static C:\Users\ThinkPad\MPLABXProjects\Microcontroladores\Lab2SIM.X\Lab2SiM.asm
             RetardoVerde   0x000020    program     static C:\Users\ThinkPad\MPLABXProjects\Microcontroladores\Lab2SIM.X\Lab2SiM.asm
                     Rojo   0x000056    program     static C:\Users\ThinkPad\MPLABXProjects\Microcontroladores\Lab2SIM.X\Lab2SiM.asm
             RojoAmarillo   0x00005e    program     static C:\Users\ThinkPad\MPLABXProjects\Microcontroladores\Lab2SIM.X\Lab2SiM.asm
                    Verde   0x000018    program     static C:\Users\ThinkPad\MPLABXProjects\Microcontroladores\Lab2SIM.X\Lab2SiM.asm



                              Symbols - Sorted by Address
                     Name    Address   Location    Storage File                     
                ---------  ---------  ---------  --------- ---------                
                   Inicio   0x00000c    program     static C:\Users\ThinkPad\MPLABXProjects\Microcontroladores\Lab2SIM.X\Lab2SiM.asm
                     Menu   0x000018    program     static C:\Users\ThinkPad\MPLABXProjects\Microcontroladores\Lab2SIM.X\Lab2SiM.asm
                    Verde   0x000018    program     static C:\Users\ThinkPad\MPLABXProjects\Microcontroladores\Lab2SIM.X\Lab2SiM.asm
             RetardoVerde   0x000020    program     static C:\Users\ThinkPad\MPLABXProjects\Microcontroladores\Lab2SIM.X\Lab2SiM.asm
          AuxRetardoVerde   0x00002c    program     static C:\Users\ThinkPad\MPLABXProjects\Microcontroladores\Lab2SIM.X\Lab2SiM.asm
                      ISR   0x000048    program     static C:\Users\ThinkPad\MPLABXProjects\Microcontroladores\Lab2SIM.X\Lab2SiM.asm
                 Amarillo   0x00004e    program     static C:\Users\ThinkPad\MPLABXProjects\Microcontroladores\Lab2SIM.X\Lab2SiM.asm
                     Rojo   0x000056    program     static C:\Users\ThinkPad\MPLABXProjects\Microcontroladores\Lab2SIM.X\Lab2SiM.asm
             RojoAmarillo   0x00005e    program     static C:\Users\ThinkPad\MPLABXProjects\Microcontroladores\Lab2SIM.X\Lab2SiM.asm


